Archive member included to satisfy reference by file (symbol)

c:/st/stm32cubeide_1.7.0/stm32cubeide/plugins/com.st.stm32cube.ide.mcu.externaltools.gnu-tools-for-stm32.9-2020-q2-update.win32_2.0.0.202105311346/tools/bin/../lib/gcc/arm-none-eabi/9.3.1/../../../../arm-none-eabi/lib/thumb/v7-m/nofp\libc_nano.a(lib_a-errno.o)
                              ./Core/Src/syscalls.o (__errno)
c:/st/stm32cubeide_1.7.0/stm32cubeide/plugins/com.st.stm32cube.ide.mcu.externaltools.gnu-tools-for-stm32.9-2020-q2-update.win32_2.0.0.202105311346/tools/bin/../lib/gcc/arm-none-eabi/9.3.1/../../../../arm-none-eabi/lib/thumb/v7-m/nofp\libc_nano.a(lib_a-exit.o)
                              c:/st/stm32cubeide_1.7.0/stm32cubeide/plugins/com.st.stm32cube.ide.mcu.externaltools.gnu-tools-for-stm32.9-2020-q2-update.win32_2.0.0.202105311346/tools/bin/../lib/gcc/arm-none-eabi/9.3.1/../../../../arm-none-eabi/lib/thumb/v7-m/nofp/crt0.o (exit)
c:/st/stm32cubeide_1.7.0/stm32cubeide/plugins/com.st.stm32cube.ide.mcu.externaltools.gnu-tools-for-stm32.9-2020-q2-update.win32_2.0.0.202105311346/tools/bin/../lib/gcc/arm-none-eabi/9.3.1/../../../../arm-none-eabi/lib/thumb/v7-m/nofp\libc_nano.a(lib_a-impure.o)
                              c:/st/stm32cubeide_1.7.0/stm32cubeide/plugins/com.st.stm32cube.ide.mcu.externaltools.gnu-tools-for-stm32.9-2020-q2-update.win32_2.0.0.202105311346/tools/bin/../lib/gcc/arm-none-eabi/9.3.1/../../../../arm-none-eabi/lib/thumb/v7-m/nofp\libc_nano.a(lib_a-exit.o) (_global_impure_ptr)
c:/st/stm32cubeide_1.7.0/stm32cubeide/plugins/com.st.stm32cube.ide.mcu.externaltools.gnu-tools-for-stm32.9-2020-q2-update.win32_2.0.0.202105311346/tools/bin/../lib/gcc/arm-none-eabi/9.3.1/../../../../arm-none-eabi/lib/thumb/v7-m/nofp\libc_nano.a(lib_a-init.o)
                              c:/st/stm32cubeide_1.7.0/stm32cubeide/plugins/com.st.stm32cube.ide.mcu.externaltools.gnu-tools-for-stm32.9-2020-q2-update.win32_2.0.0.202105311346/tools/bin/../lib/gcc/arm-none-eabi/9.3.1/../../../../arm-none-eabi/lib/thumb/v7-m/nofp/crt0.o (__libc_init_array)
c:/st/stm32cubeide_1.7.0/stm32cubeide/plugins/com.st.stm32cube.ide.mcu.externaltools.gnu-tools-for-stm32.9-2020-q2-update.win32_2.0.0.202105311346/tools/bin/../lib/gcc/arm-none-eabi/9.3.1/../../../../arm-none-eabi/lib/thumb/v7-m/nofp\libc_nano.a(lib_a-memset.o)
                              c:/st/stm32cubeide_1.7.0/stm32cubeide/plugins/com.st.stm32cube.ide.mcu.externaltools.gnu-tools-for-stm32.9-2020-q2-update.win32_2.0.0.202105311346/tools/bin/../lib/gcc/arm-none-eabi/9.3.1/../../../../arm-none-eabi/lib/thumb/v7-m/nofp/crt0.o (memset)

Allocating common symbols
Common symbol       size              file

uwTick              0x4               ./Drivers/STM32F1xx_HAL_Driver/Src/stm32f1xx_hal.o
pFlash              0x20              ./Drivers/STM32F1xx_HAL_Driver/Src/stm32f1xx_hal_flash.o
htim3               0x48              ./Core/Src/main.o
htim2               0x48              ./Core/Src/main.o

Discarded input sections

 .text          0x0000000000000000        0x0 c:/st/stm32cubeide_1.7.0/stm32cubeide/plugins/com.st.stm32cube.ide.mcu.externaltools.gnu-tools-for-stm32.9-2020-q2-update.win32_2.0.0.202105311346/tools/bin/../lib/gcc/arm-none-eabi/9.3.1/thumb/v7-m/nofp/crti.o
 .data          0x0000000000000000        0x0 c:/st/stm32cubeide_1.7.0/stm32cubeide/plugins/com.st.stm32cube.ide.mcu.externaltools.gnu-tools-for-stm32.9-2020-q2-update.win32_2.0.0.202105311346/tools/bin/../lib/gcc/arm-none-eabi/9.3.1/thumb/v7-m/nofp/crti.o
 .bss           0x0000000000000000        0x0 c:/st/stm32cubeide_1.7.0/stm32cubeide/plugins/com.st.stm32cube.ide.mcu.externaltools.gnu-tools-for-stm32.9-2020-q2-update.win32_2.0.0.202105311346/tools/bin/../lib/gcc/arm-none-eabi/9.3.1/thumb/v7-m/nofp/crti.o
 .data          0x0000000000000000        0x4 c:/st/stm32cubeide_1.7.0/stm32cubeide/plugins/com.st.stm32cube.ide.mcu.externaltools.gnu-tools-for-stm32.9-2020-q2-update.win32_2.0.0.202105311346/tools/bin/../lib/gcc/arm-none-eabi/9.3.1/thumb/v7-m/nofp/crtbegin.o
 .text          0x0000000000000000       0x7c c:/st/stm32cubeide_1.7.0/stm32cubeide/plugins/com.st.stm32cube.ide.mcu.externaltools.gnu-tools-for-stm32.9-2020-q2-update.win32_2.0.0.202105311346/tools/bin/../lib/gcc/arm-none-eabi/9.3.1/../../../../arm-none-eabi/lib/thumb/v7-m/nofp/crt0.o
 .data          0x0000000000000000        0x0 c:/st/stm32cubeide_1.7.0/stm32cubeide/plugins/com.st.stm32cube.ide.mcu.externaltools.gnu-tools-for-stm32.9-2020-q2-update.win32_2.0.0.202105311346/tools/bin/../lib/gcc/arm-none-eabi/9.3.1/../../../../arm-none-eabi/lib/thumb/v7-m/nofp/crt0.o
 .bss           0x0000000000000000        0x0 c:/st/stm32cubeide_1.7.0/stm32cubeide/plugins/com.st.stm32cube.ide.mcu.externaltools.gnu-tools-for-stm32.9-2020-q2-update.win32_2.0.0.202105311346/tools/bin/../lib/gcc/arm-none-eabi/9.3.1/../../../../arm-none-eabi/lib/thumb/v7-m/nofp/crt0.o
[...]
Memory Configuration

Name             Origin             Length             Attributes
RAM              0x0000000020000000 0x0000000000005000 xrw
FLASH            0x0000000008000000 0x0000000000020000 xr
*default*        0x0000000000000000 0xffffffffffffffff

Linker script and memory map

LOAD c:/st/stm32cubeide_1.7.0/stm32cubeide/plugins/com.st.stm32cube.ide.mcu.externaltools.gnu-tools-for-stm32.9-2020-q2-update.win32_2.0.0.202105311346/tools/bin/../lib/gcc/arm-none-eabi/9.3.1/thumb/v7-m/nofp/crti.o
LOAD c:/st/stm32cubeide_1.7.0/stm32cubeide/plugins/com.st.stm32cube.ide.mcu.externaltools.gnu-tools-for-stm32.9-2020-q2-update.win32_2.0.0.202105311346/tools/bin/../lib/gcc/arm-none-eabi/9.3.1/thumb/v7-m/nofp/crtbegin.o
LOAD c:/st/stm32cubeide_1.7.0/stm32cubeide/plugins/com.st.stm32cube.ide.mcu.externaltools.gnu-tools-for-stm32.9-2020-q2-update.win32_2.0.0.202105311346/tools/bin/../lib/gcc/arm-none-eabi/9.3.1/../../../../arm-none-eabi/lib/thumb/v7-m/nofp/crt0.o
LOAD ./Core/Src/auto_fsm.o
LOAD ./Core/Src/button.o
LOAD ./Core/Src/global.o
LOAD ./Core/Src/main.o
LOAD ./Core/Src/man_fsm.o
LOAD ./Core/Src/pdtlight.o
LOAD ./Core/Src/ped_fsm.o
LOAD ./Core/Src/software_timer.o
LOAD ./Core/Src/stm32f1xx_hal_msp.o
LOAD ./Core/Src/stm32f1xx_it.o
LOAD ./Core/Src/syscalls.o
LOAD ./Core/Src/sysmem.o
LOAD ./Core/Src/system_stm32f1xx.o
LOAD ./Core/Src/traffic1.o
LOAD ./Core/Src/traffic2.o
LOAD ./Core/Src/tun_fsm.o
LOAD ./Core/Startup/startup_stm32f103rbtx.o
LOAD ./Drivers/STM32F1xx_HAL_Driver/Src/stm32f1xx_hal.o
LOAD ./Drivers/STM32F1xx_HAL_Driver/Src/stm32f1xx_hal_cortex.o
LOAD ./Drivers/STM32F1xx_HAL_Driver/Src/stm32f1xx_hal_dma.o
LOAD ./Drivers/STM32F1xx_HAL_Driver/Src/stm32f1xx_hal_exti.o
LOAD ./Drivers/STM32F1xx_HAL_Driver/Src/stm32f1xx_hal_flash.o
LOAD ./Drivers/STM32F1xx_HAL_Driver/Src/stm32f1xx_hal_flash_ex.o
LOAD ./Drivers/STM32F1xx_HAL_Driver/Src/stm32f1xx_hal_gpio.o
LOAD ./Drivers/STM32F1xx_HAL_Driver/Src/stm32f1xx_hal_gpio_ex.o
LOAD ./Drivers/STM32F1xx_HAL_Driver/Src/stm32f1xx_hal_pwr.o
LOAD ./Drivers/STM32F1xx_HAL_Driver/Src/stm32f1xx_hal_rcc.o
LOAD ./Drivers/STM32F1xx_HAL_Driver/Src/stm32f1xx_hal_rcc_ex.o
LOAD ./Drivers/STM32F1xx_HAL_Driver/Src/stm32f1xx_hal_tim.o
LOAD ./Drivers/STM32F1xx_HAL_Driver/Src/stm32f1xx_hal_tim_ex.o
START GROUP
LOAD c:/st/stm32cubeide_1.7.0/stm32cubeide/plugins/com.st.stm32cube.ide.mcu.externaltools.gnu-tools-for-stm32.9-2020-q2-update.win32_2.0.0.202105311346/tools/bin/../lib/gcc/arm-none-eabi/9.3.1/../../../../arm-none-eabi/lib/thumb/v7-m/nofp\libc_nano.a
LOAD c:/st/stm32cubeide_1.7.0/stm32cubeide/plugins/com.st.stm32cube.ide.mcu.externaltools.gnu-tools-for-stm32.9-2020-q2-update.win32_2.0.0.202105311346/tools/bin/../lib/gcc/arm-none-eabi/9.3.1/../../../../arm-none-eabi/lib/thumb/v7-m/nofp\libm.a
END GROUP
START GROUP
LOAD c:/st/stm32cubeide_1.7.0/stm32cubeide/plugins/com.st.stm32cube.ide.mcu.externaltools.gnu-tools-for-stm32.9-2020-q2-update.win32_2.0.0.202105311346/tools/bin/../lib/gcc/arm-none-eabi/9.3.1/thumb/v7-m/nofp\libgcc.a
LOAD c:/st/stm32cubeide_1.7.0/stm32cubeide/plugins/com.st.stm32cube.ide.mcu.externaltools.gnu-tools-for-stm32.9-2020-q2-update.win32_2.0.0.202105311346/tools/bin/../lib/gcc/arm-none-eabi/9.3.1/../../../../arm-none-eabi/lib/thumb/v7-m/nofp\libc_nano.a
END GROUP
START GROUP
LOAD c:/st/stm32cubeide_1.7.0/stm32cubeide/plugins/com.st.stm32cube.ide.mcu.externaltools.gnu-tools-for-stm32.9-2020-q2-update.win32_2.0.0.202105311346/tools/bin/../lib/gcc/arm-none-eabi/9.3.1/thumb/v7-m/nofp\libgcc.a
LOAD c:/st/stm32cubeide_1.7.0/stm32cubeide/plugins/com.st.stm32cube.ide.mcu.externaltools.gnu-tools-for-stm32.9-2020-q2-update.win32_2.0.0.202105311346/tools/bin/../lib/gcc/arm-none-eabi/9.3.1/../../../../arm-none-eabi/lib/thumb/v7-m/nofp\libc_nano.a
LOAD c:/st/stm32cubeide_1.7.0/stm32cubeide/plugins/com.st.stm32cube.ide.mcu.externaltools.gnu-tools-for-stm32.9-2020-q2-update.win32_2.0.0.202105311346/tools/bin/../lib/gcc/arm-none-eabi/9.3.1/../../../../arm-none-eabi/lib/thumb/v7-m/nofp\libnosys.a
END GROUP
START GROUP
LOAD c:/st/stm32cubeide_1.7.0/stm32cubeide/plugins/com.st.stm32cube.ide.mcu.externaltools.gnu-tools-for-stm32.9-2020-q2-update.win32_2.0.0.202105311346/tools/bin/../lib/gcc/arm-none-eabi/9.3.1/thumb/v7-m/nofp\libgcc.a
LOAD c:/st/stm32cubeide_1.7.0/stm32cubeide/plugins/com.st.stm32cube.ide.mcu.externaltools.gnu-tools-for-stm32.9-2020-q2-update.win32_2.0.0.202105311346/tools/bin/../lib/gcc/arm-none-eabi/9.3.1/../../../../arm-none-eabi/lib/thumb/v7-m/nofp\libc_nano.a
LOAD c:/st/stm32cubeide_1.7.0/stm32cubeide/plugins/com.st.stm32cube.ide.mcu.externaltools.gnu-tools-for-stm32.9-2020-q2-update.win32_2.0.0.202105311346/tools/bin/../lib/gcc/arm-none-eabi/9.3.1/../../../../arm-none-eabi/lib/thumb/v7-m/nofp\libnosys.a
END GROUP
LOAD c:/st/stm32cubeide_1.7.0/stm32cubeide/plugins/com.st.stm32cube.ide.mcu.externaltools.gnu-tools-for-stm32.9-2020-q2-update.win32_2.0.0.202105311346/tools/bin/../lib/gcc/arm-none-eabi/9.3.1/thumb/v7-m/nofp/crtend.o
LOAD c:/st/stm32cubeide_1.7.0/stm32cubeide/plugins/com.st.stm32cube.ide.mcu.externaltools.gnu-tools-for-stm32.9-2020-q2-update.win32_2.0.0.202105311346/tools/bin/../lib/gcc/arm-none-eabi/9.3.1/thumb/v7-m/nofp/crtn.o
                0x0000000020005000                _estack = (ORIGIN (RAM) + LENGTH (RAM))
                0x0000000000000200                _Min_Heap_Size = 0x200
                0x0000000000000400                _Min_Stack_Size = 0x400

.isr_vector     0x0000000008000000      0x10c
                0x0000000008000000                . = ALIGN (0x4)
 *(.isr_vector)
 .isr_vector    0x0000000008000000      0x10c ./Core/Startup/startup_stm32f103rbtx.o
                0x0000000008000000                g_pfnVectors
                0x000000000800010c                . = ALIGN (0x4)

.text           0x000000000800010c     0x2cc0
                0x000000000800010c                . = ALIGN (0x4)
 *(.text)
 .text          0x000000000800010c       0x40 c:/st/stm32cubeide_1.7.0/stm32cubeide/plugins/com.st.stm32cube.ide.mcu.externaltools.gnu-tools-for-stm32.9-2020-q2-update.win32_2.0.0.202105311346/tools/bin/../lib/gcc/arm-none-eabi/9.3.1/thumb/v7-m/nofp/crtbegin.o
 *(.text*)
 .text.auto_fsm_run
                0x000000000800014c       0xf8 ./Core/Src/auto_fsm.o
                0x000000000800014c                auto_fsm_run
 .text.SubKeyProcess1
                0x0000000008000244       0x18 ./Core/Src/button.o
                0x0000000008000244                SubKeyProcess1
 .text.SubKeyProcess2
                0x000000000800025c       0x18 ./Core/Src/button.o
                0x000000000800025c                SubKeyProcess2
 .text.SubKeyProcess3
                0x0000000008000274       0x18 ./Core/Src/button.o
                0x0000000008000274                SubKeyProcess3
 .text.Button1_Is_Pressed
                0x000000000800028c       0x24 ./Core/Src/button.o
                0x000000000800028c                Button1_Is_Pressed
 .text.Button2_Is_Pressed
                0x00000000080002b0       0x24 ./Core/Src/button.o
                0x00000000080002b0                Button2_Is_Pressed
 .text.Button3_Is_Pressed
                0x00000000080002d4       0x24 ./Core/Src/button.o
                0x00000000080002d4                Button3_Is_Pressed
 .text.GetKeyInput1
                0x00000000080002f8       0x98 ./Core/Src/button.o
                0x00000000080002f8                GetKeyInput1
 .text.GetKeyInput2
                0x0000000008000390       0x98 ./Core/Src/button.o
                0x0000000008000390                GetKeyInput2
 .text.GetKeyInput3
                0x0000000008000428       0x98 ./Core/Src/button.o
                0x0000000008000428                GetKeyInput3
 .text.main     0x00000000080004c0       0x6c ./Core/Src/main.o
                0x00000000080004c0                main
 .text.SystemClock_Config
                0x000000000800052c       0x82 ./Core/Src/main.o
                0x000000000800052c                SystemClock_Config
 *fill*         0x00000000080005ae        0x2 
 .text.MX_TIM2_Init
                0x00000000080005b0       0x98 ./Core/Src/main.o
 .text.MX_TIM3_Init
                0x0000000008000648       0xb4 ./Core/Src/main.o
 .text.MX_GPIO_Init
                0x00000000080006fc       0xf4 ./Core/Src/main.o
 .text.HAL_TIM_PeriodElapsedCallback
                0x00000000080007f0       0x20 ./Core/Src/main.o
                0x00000000080007f0                HAL_TIM_PeriodElapsedCallback
 .text.Error_Handler
                0x0000000008000810        0xa ./Core/Src/main.o
                0x0000000008000810                Error_Handler
 *fill*         0x000000000800081a        0x2 
 .text.man_fsm_run
                0x000000000800081c      0x158 ./Core/Src/man_fsm.o
                0x000000000800081c                man_fsm_run
 .text.RED_3    0x0000000008000974       0x28 ./Core/Src/pdtlight.o
                0x0000000008000974                RED_3
 .text.GREEN_3  0x000000000800099c       0x28 ./Core/Src/pdtlight.o
                0x000000000800099c                GREEN_3
 .text.Traffic3_Off
                0x00000000080009c4       0x28 ./Core/Src/pdtlight.o
                0x00000000080009c4                Traffic3_Off
 .text.ped_fsm_run
                0x00000000080009ec       0x74 ./Core/Src/ped_fsm.o
                0x00000000080009ec                ped_fsm_run
 .text.SetTimer1
                0x0000000008000a60       0x38 ./Core/Src/software_timer.o
                0x0000000008000a60                SetTimer1
 .text.TimerRun
                0x0000000008000a98       0xa0 ./Core/Src/software_timer.o
                0x0000000008000a98                TimerRun
 .text.IncRed5s
                0x0000000008000b38       0x40 ./Core/Src/software_timer.o
                0x0000000008000b38                IncRed5s
 .text.IncYellow2s
                0x0000000008000b78       0x40 ./Core/Src/software_timer.o
                0x0000000008000b78                IncYellow2s
 .text.IncGreen3s
                0x0000000008000bb8       0x40 ./Core/Src/software_timer.o
                0x0000000008000bb8                IncGreen3s
 .text.HAL_MspInit
                0x0000000008000bf8       0x64 ./Core/Src/stm32f1xx_hal_msp.o
                0x0000000008000bf8                HAL_MspInit
 .text.HAL_TIM_Base_MspInit
                0x0000000008000c5c       0x48 ./Core/Src/stm32f1xx_hal_msp.o
                0x0000000008000c5c                HAL_TIM_Base_MspInit
 .text.HAL_TIM_PWM_MspInit
                0x0000000008000ca4       0x4c ./Core/Src/stm32f1xx_hal_msp.o
                0x0000000008000ca4                HAL_TIM_PWM_MspInit
 .text.HAL_TIM_MspPostInit
                0x0000000008000cf0       0x8c ./Core/Src/stm32f1xx_hal_msp.o
                0x0000000008000cf0                HAL_TIM_MspPostInit
 .text.NMI_Handler
                0x0000000008000d7c        0x6 ./Core/Src/stm32f1xx_it.o
                0x0000000008000d7c                NMI_Handler
 .text.HardFault_Handler
                0x0000000008000d82        0x6 ./Core/Src/stm32f1xx_it.o
                0x0000000008000d82                HardFault_Handler
 .text.MemManage_Handler
                0x0000000008000d88        0x6 ./Core/Src/stm32f1xx_it.o
                0x0000000008000d88                MemManage_Handler
 .text.BusFault_Handler
                0x0000000008000d8e        0x6 ./Core/Src/stm32f1xx_it.o
                0x0000000008000d8e                BusFault_Handler
 .text.UsageFault_Handler
                0x0000000008000d94        0x6 ./Core/Src/stm32f1xx_it.o
                0x0000000008000d94                UsageFault_Handler
 .text.SVC_Handler
                0x0000000008000d9a        0xc ./Core/Src/stm32f1xx_it.o
                0x0000000008000d9a                SVC_Handler
 .text.DebugMon_Handler
                0x0000000008000da6        0xc ./Core/Src/stm32f1xx_it.o
                0x0000000008000da6                DebugMon_Handler
 .text.PendSV_Handler
                0x0000000008000db2        0xc ./Core/Src/stm32f1xx_it.o
                0x0000000008000db2                PendSV_Handler
 .text.SysTick_Handler
                0x0000000008000dbe        0xc ./Core/Src/stm32f1xx_it.o
                0x0000000008000dbe                SysTick_Handler
 *fill*         0x0000000008000dca        0x2 
 .text.TIM2_IRQHandler
                0x0000000008000dcc       0x14 ./Core/Src/stm32f1xx_it.o
                0x0000000008000dcc                TIM2_IRQHandler
 .text.TIM3_IRQHandler
                0x0000000008000de0       0x14 ./Core/Src/stm32f1xx_it.o
                0x0000000008000de0                TIM3_IRQHandler
 .text.SystemInit
                0x0000000008000df4        0xc ./Core/Src/system_stm32f1xx.o
                0x0000000008000df4                SystemInit
 .text.RED_1    0x0000000008000e00       0x28 ./Core/Src/traffic1.o
                0x0000000008000e00                RED_1
 .text.YELLOW_1
                0x0000000008000e28       0x28 ./Core/Src/traffic1.o
                0x0000000008000e28                YELLOW_1
 .text.GREEN_1  0x0000000008000e50       0x28 ./Core/Src/traffic1.o
                0x0000000008000e50                GREEN_1
 .text.RED_2    0x0000000008000e78       0x20 ./Core/Src/traffic2.o
                0x0000000008000e78                RED_2
 .text.YELLOW_2
                0x0000000008000e98       0x20 ./Core/Src/traffic2.o
                0x0000000008000e98                YELLOW_2
 .text.GREEN_2  0x0000000008000eb8       0x20 ./Core/Src/traffic2.o
                0x0000000008000eb8                GREEN_2
 .text.tun_fsm_run
                0x0000000008000ed8      0x12c ./Core/Src/tun_fsm.o
                0x0000000008000ed8                tun_fsm_run
 .text.Reset_Handler
                0x0000000008001004       0x48 ./Core/Startup/startup_stm32f103rbtx.o
                0x0000000008001004                Reset_Handler
 .text.Default_Handler
                0x000000000800104c        0x2 ./Core/Startup/startup_stm32f103rbtx.o
                0x000000000800104c                RTC_Alarm_IRQHandler
                0x000000000800104c                EXTI2_IRQHandler
                0x000000000800104c                TIM1_CC_IRQHandler
                0x000000000800104c                PVD_IRQHandler
                0x000000000800104c                EXTI3_IRQHandler
                0x000000000800104c                EXTI0_IRQHandler
                0x000000000800104c                I2C2_EV_IRQHandler
                0x000000000800104c                ADC1_2_IRQHandler
                0x000000000800104c                SPI1_IRQHandler
                0x000000000800104c                TAMPER_IRQHandler
                0x000000000800104c                DMA1_Channel4_IRQHandler
                0x000000000800104c                USART3_IRQHandler
                0x000000000800104c                RTC_IRQHandler
                0x000000000800104c                DMA1_Channel7_IRQHandler
                0x000000000800104c                CAN1_RX1_IRQHandler
                0x000000000800104c                TIM4_IRQHandler
                0x000000000800104c                I2C1_EV_IRQHandler
                0x000000000800104c                DMA1_Channel6_IRQHandler
                0x000000000800104c                RCC_IRQHandler
                0x000000000800104c                TIM1_TRG_COM_IRQHandler
                0x000000000800104c                DMA1_Channel1_IRQHandler
                0x000000000800104c                Default_Handler
                0x000000000800104c                EXTI15_10_IRQHandler
                0x000000000800104c                EXTI9_5_IRQHandler
                0x000000000800104c                SPI2_IRQHandler
                0x000000000800104c                DMA1_Channel5_IRQHandler
                0x000000000800104c                EXTI4_IRQHandler
                0x000000000800104c                USB_LP_CAN1_RX0_IRQHandler
                0x000000000800104c                USB_HP_CAN1_TX_IRQHandler
                0x000000000800104c                DMA1_Channel3_IRQHandler
                0x000000000800104c                TIM1_UP_IRQHandler
                0x000000000800104c                WWDG_IRQHandler
                0x000000000800104c                TIM1_BRK_IRQHandler
                0x000000000800104c                EXTI1_IRQHandler
                0x000000000800104c                USART2_IRQHandler
                0x000000000800104c                I2C2_ER_IRQHandler
                0x000000000800104c                DMA1_Channel2_IRQHandler
                0x000000000800104c                CAN1_SCE_IRQHandler
                0x000000000800104c                FLASH_IRQHandler
                0x000000000800104c                USART1_IRQHandler
                0x000000000800104c                I2C1_ER_IRQHandler
                0x000000000800104c                USBWakeUp_IRQHandler
 *fill*         0x000000000800104e        0x2 
 .text.HAL_Init
                0x0000000008001050       0x2c ./Drivers/STM32F1xx_HAL_Driver/Src/stm32f1xx_hal.o
                0x0000000008001050                HAL_Init
 .text.HAL_InitTick
                0x000000000800107c       0x60 ./Drivers/STM32F1xx_HAL_Driver/Src/stm32f1xx_hal.o
                0x000000000800107c                HAL_InitTick
 .text.HAL_IncTick
                0x00000000080010dc       0x24 ./Drivers/STM32F1xx_HAL_Driver/Src/stm32f1xx_hal.o
                0x00000000080010dc                HAL_IncTick
 .text.HAL_GetTick
                0x0000000008001100       0x14 ./Drivers/STM32F1xx_HAL_Driver/Src/stm32f1xx_hal.o
                0x0000000008001100                HAL_GetTick
 .text.HAL_Delay
                0x0000000008001114       0x48 ./Drivers/STM32F1xx_HAL_Driver/Src/stm32f1xx_hal.o
                0x0000000008001114                HAL_Delay
 .text.__NVIC_SetPriorityGrouping
                0x000000000800115c       0x48 ./Drivers/STM32F1xx_HAL_Driver/Src/stm32f1xx_hal_cortex.o
 .text.__NVIC_GetPriorityGrouping
                0x00000000080011a4       0x1c ./Drivers/STM32F1xx_HAL_Driver/Src/stm32f1xx_hal_cortex.o
 .text.__NVIC_EnableIRQ
                0x00000000080011c0       0x38 ./Drivers/STM32F1xx_HAL_Driver/Src/stm32f1xx_hal_cortex.o
 .text.__NVIC_SetPriority
                0x00000000080011f8       0x54 ./Drivers/STM32F1xx_HAL_Driver/Src/stm32f1xx_hal_cortex.o
 .text.NVIC_EncodePriority
                0x000000000800124c       0x64 ./Drivers/STM32F1xx_HAL_Driver/Src/stm32f1xx_hal_cortex.o
 .text.SysTick_Config
                0x00000000080012b0       0x44 ./Drivers/STM32F1xx_HAL_Driver/Src/stm32f1xx_hal_cortex.o
 .text.HAL_NVIC_SetPriorityGrouping
                0x00000000080012f4       0x16 ./Drivers/STM32F1xx_HAL_Driver/Src/stm32f1xx_hal_cortex.o
                0x00000000080012f4                HAL_NVIC_SetPriorityGrouping
 .text.HAL_NVIC_SetPriority
                0x000000000800130a       0x38 ./Drivers/STM32F1xx_HAL_Driver/Src/stm32f1xx_hal_cortex.o
                0x000000000800130a                HAL_NVIC_SetPriority
 .text.HAL_NVIC_EnableIRQ
                0x0000000008001342       0x1c ./Drivers/STM32F1xx_HAL_Driver/Src/stm32f1xx_hal_cortex.o
                0x0000000008001342                HAL_NVIC_EnableIRQ
 .text.HAL_SYSTICK_Config
                0x000000000800135e       0x18 ./Drivers/STM32F1xx_HAL_Driver/Src/stm32f1xx_hal_cortex.o
                0x000000000800135e                HAL_SYSTICK_Config
 *fill*         0x0000000008001376        0x2 
 .text.HAL_GPIO_Init
                0x0000000008001378      0x308 ./Drivers/STM32F1xx_HAL_Driver/Src/stm32f1xx_hal_gpio.o
                0x0000000008001378                HAL_GPIO_Init
 .text.HAL_GPIO_ReadPin
                0x0000000008001680       0x2e ./Drivers/STM32F1xx_HAL_Driver/Src/stm32f1xx_hal_gpio.o
                0x0000000008001680                HAL_GPIO_ReadPin
 .text.HAL_GPIO_WritePin
                0x00000000080016ae       0x30 ./Drivers/STM32F1xx_HAL_Driver/Src/stm32f1xx_hal_gpio.o
                0x00000000080016ae                HAL_GPIO_WritePin
 *fill*         0x00000000080016de        0x2 
 .text.HAL_RCC_OscConfig
                0x00000000080016e0      0x500 ./Drivers/STM32F1xx_HAL_Driver/Src/stm32f1xx_hal_rcc.o
                0x00000000080016e0                HAL_RCC_OscConfig
 .text.HAL_RCC_ClockConfig
                0x0000000008001be0      0x1d4 ./Drivers/STM32F1xx_HAL_Driver/Src/stm32f1xx_hal_rcc.o
                0x0000000008001be0                HAL_RCC_ClockConfig
 .text.HAL_RCC_GetSysClockFreq
                0x0000000008001db4       0xc0 ./Drivers/STM32F1xx_HAL_Driver/Src/stm32f1xx_hal_rcc.o
                0x0000000008001db4                HAL_RCC_GetSysClockFreq
 .text.RCC_Delay
                0x0000000008001e74       0x3c ./Drivers/STM32F1xx_HAL_Driver/Src/stm32f1xx_hal_rcc.o
 .text.HAL_TIM_Base_Init
                0x0000000008001eb0       0x9e ./Drivers/STM32F1xx_HAL_Driver/Src/stm32f1xx_hal_tim.o
                0x0000000008001eb0                HAL_TIM_Base_Init
 *fill*         0x0000000008001f4e        0x2 
 .text.HAL_TIM_Base_Start_IT
                0x0000000008001f50       0xa4 ./Drivers/STM32F1xx_HAL_Driver/Src/stm32f1xx_hal_tim.o
                0x0000000008001f50                HAL_TIM_Base_Start_IT
 .text.HAL_TIM_PWM_Init
                0x0000000008001ff4       0x9e ./Drivers/STM32F1xx_HAL_Driver/Src/stm32f1xx_hal_tim.o
                0x0000000008001ff4                HAL_TIM_PWM_Init
 *fill*         0x0000000008002092        0x2 
 .text.HAL_TIM_PWM_Start
                0x0000000008002094      0x144 ./Drivers/STM32F1xx_HAL_Driver/Src/stm32f1xx_hal_tim.o
                0x0000000008002094                HAL_TIM_PWM_Start
 .text.HAL_TIM_IRQHandler
                0x00000000080021d8      0x210 ./Drivers/STM32F1xx_HAL_Driver/Src/stm32f1xx_hal_tim.o
                0x00000000080021d8                HAL_TIM_IRQHandler
 .text.HAL_TIM_PWM_ConfigChannel
                0x00000000080023e8      0x17c ./Drivers/STM32F1xx_HAL_Driver/Src/stm32f1xx_hal_tim.o
                0x00000000080023e8                HAL_TIM_PWM_ConfigChannel
 .text.HAL_TIM_ConfigClockSource
                0x0000000008002564      0x188 ./Drivers/STM32F1xx_HAL_Driver/Src/stm32f1xx_hal_tim.o
                0x0000000008002564                HAL_TIM_ConfigClockSource
 .text.HAL_TIM_OC_DelayElapsedCallback
                0x00000000080026ec       0x12 ./Drivers/STM32F1xx_HAL_Driver/Src/stm32f1xx_hal_tim.o
                0x00000000080026ec                HAL_TIM_OC_DelayElapsedCallback
 .text.HAL_TIM_IC_CaptureCallback
                0x00000000080026fe       0x12 ./Drivers/STM32F1xx_HAL_Driver/Src/stm32f1xx_hal_tim.o
                0x00000000080026fe                HAL_TIM_IC_CaptureCallback
 .text.HAL_TIM_PWM_PulseFinishedCallback
                0x0000000008002710       0x12 ./Drivers/STM32F1xx_HAL_Driver/Src/stm32f1xx_hal_tim.o
                0x0000000008002710                HAL_TIM_PWM_PulseFinishedCallback
 .text.HAL_TIM_TriggerCallback
                0x0000000008002722       0x12 ./Drivers/STM32F1xx_HAL_Driver/Src/stm32f1xx_hal_tim.o
                0x0000000008002722                HAL_TIM_TriggerCallback
 .text.TIM_Base_SetConfig
                0x0000000008002734       0xc4 ./Drivers/STM32F1xx_HAL_Driver/Src/stm32f1xx_hal_tim.o
                0x0000000008002734                TIM_Base_SetConfig
 .text.TIM_OC1_SetConfig
                0x00000000080027f8       0xcc ./Drivers/STM32F1xx_HAL_Driver/Src/stm32f1xx_hal_tim.o
 .text.TIM_OC2_SetConfig
                0x00000000080028c4       0xd4 ./Drivers/STM32F1xx_HAL_Driver/Src/stm32f1xx_hal_tim.o
                0x00000000080028c4                TIM_OC2_SetConfig
 .text.TIM_OC3_SetConfig
                0x0000000008002998       0xd4 ./Drivers/STM32F1xx_HAL_Driver/Src/stm32f1xx_hal_tim.o
 .text.TIM_OC4_SetConfig
                0x0000000008002a6c       0x9c ./Drivers/STM32F1xx_HAL_Driver/Src/stm32f1xx_hal_tim.o
 .text.TIM_TI1_ConfigInputStage
                0x0000000008002b08       0x5c ./Drivers/STM32F1xx_HAL_Driver/Src/stm32f1xx_hal_tim.o
 .text.TIM_TI2_ConfigInputStage
                0x0000000008002b64       0x5e ./Drivers/STM32F1xx_HAL_Driver/Src/stm32f1xx_hal_tim.o
 .text.TIM_ITRx_SetConfig
                0x0000000008002bc2       0x34 ./Drivers/STM32F1xx_HAL_Driver/Src/stm32f1xx_hal_tim.o
 .text.TIM_ETR_SetConfig
                0x0000000008002bf6       0x3e ./Drivers/STM32F1xx_HAL_Driver/Src/stm32f1xx_hal_tim.o
                0x0000000008002bf6                TIM_ETR_SetConfig
 .text.TIM_CCxChannelCmd
                0x0000000008002c34       0x48 ./Drivers/STM32F1xx_HAL_Driver/Src/stm32f1xx_hal_tim.o
                0x0000000008002c34                TIM_CCxChannelCmd
 .text.HAL_TIMEx_MasterConfigSynchronization
                0x0000000008002c7c       0xbc ./Drivers/STM32F1xx_HAL_Driver/Src/stm32f1xx_hal_tim_ex.o
                0x0000000008002c7c                HAL_TIMEx_MasterConfigSynchronization
 .text.HAL_TIMEx_CommutCallback
                0x0000000008002d38       0x12 ./Drivers/STM32F1xx_HAL_Driver/Src/stm32f1xx_hal_tim_ex.o
                0x0000000008002d38                HAL_TIMEx_CommutCallback
 .text.HAL_TIMEx_BreakCallback
                0x0000000008002d4a       0x12 ./Drivers/STM32F1xx_HAL_Driver/Src/stm32f1xx_hal_tim_ex.o
                0x0000000008002d4a                HAL_TIMEx_BreakCallback
 .text.__libc_init_array
                0x0000000008002d5c       0x48 c:/st/stm32cubeide_1.7.0/stm32cubeide/plugins/com.st.stm32cube.ide.mcu.externaltools.gnu-tools-for-stm32.9-2020-q2-update.win32_2.0.0.202105311346/tools/bin/../lib/gcc/arm-none-eabi/9.3.1/../../../../arm-none-eabi/lib/thumb/v7-m/nofp\libc_nano.a(lib_a-init.o)
                0x0000000008002d5c                __libc_init_array
 .text.memset   0x0000000008002da4       0x10 c:/st/stm32cubeide_1.7.0/stm32cubeide/plugins/com.st.stm32cube.ide.mcu.externaltools.gnu-tools-for-stm32.9-2020-q2-update.win32_2.0.0.202105311346/tools/bin/../lib/gcc/arm-none-eabi/9.3.1/../../../../arm-none-eabi/lib/thumb/v7-m/nofp\libc_nano.a(lib_a-memset.o)
                0x0000000008002da4                memset
 *(.glue_7)
 .glue_7        0x0000000008002db4        0x0 linker stubs
 *(.glue_7t)
 .glue_7t       0x0000000008002db4        0x0 linker stubs
 *(.eh_frame)
 .eh_frame      0x0000000008002db4        0x0 c:/st/stm32cubeide_1.7.0/stm32cubeide/plugins/com.st.stm32cube.ide.mcu.externaltools.gnu-tools-for-stm32.9-2020-q2-update.win32_2.0.0.202105311346/tools/bin/../lib/gcc/arm-none-eabi/9.3.1/thumb/v7-m/nofp/crtbegin.o
 *(.init)
 .init          0x0000000008002db4        0x4 c:/st/stm32cubeide_1.7.0/stm32cubeide/plugins/com.st.stm32cube.ide.mcu.externaltools.gnu-tools-for-stm32.9-2020-q2-update.win32_2.0.0.202105311346/tools/bin/../lib/gcc/arm-none-eabi/9.3.1/thumb/v7-m/nofp/crti.o
                0x0000000008002db4                _init
 .init          0x0000000008002db8        0x8 c:/st/stm32cubeide_1.7.0/stm32cubeide/plugins/com.st.stm32cube.ide.mcu.externaltools.gnu-tools-for-stm32.9-2020-q2-update.win32_2.0.0.202105311346/tools/bin/../lib/gcc/arm-none-eabi/9.3.1/thumb/v7-m/nofp/crtn.o
 *(.fini)
 .fini          0x0000000008002dc0        0x4 c:/st/stm32cubeide_1.7.0/stm32cubeide/plugins/com.st.stm32cube.ide.mcu.externaltools.gnu-tools-for-stm32.9-2020-q2-update.win32_2.0.0.202105311346/tools/bin/../lib/gcc/arm-none-eabi/9.3.1/thumb/v7-m/nofp/crti.o
                0x0000000008002dc0                _fini
 .fini          0x0000000008002dc4        0x8 c:/st/stm32cubeide_1.7.0/stm32cubeide/plugins/com.st.stm32cube.ide.mcu.externaltools.gnu-tools-for-stm32.9-2020-q2-update.win32_2.0.0.202105311346/tools/bin/../lib/gcc/arm-none-eabi/9.3.1/thumb/v7-m/nofp/crtn.o
                0x0000000008002dcc                . = ALIGN (0x4)
                0x0000000008002dcc                _etext = .

.vfp11_veneer   0x0000000008002dcc        0x0
 .vfp11_veneer  0x0000000008002dcc        0x0 linker stubs

.v4_bx          0x0000000008002dcc        0x0
 .v4_bx         0x0000000008002dcc        0x0 linker stubs

.iplt           0x0000000008002dcc        0x0
 .iplt          0x0000000008002dcc        0x0 c:/st/stm32cubeide_1.7.0/stm32cubeide/plugins/com.st.stm32cube.ide.mcu.externaltools.gnu-tools-for-stm32.9-2020-q2-update.win32_2.0.0.202105311346/tools/bin/../lib/gcc/arm-none-eabi/9.3.1/thumb/v7-m/nofp/crtbegin.o

.rodata         0x0000000008002dcc       0x20
                0x0000000008002dcc                . = ALIGN (0x4)
 *(.rodata)
 .rodata        0x0000000008002dcc       0x10 ./Drivers/STM32F1xx_HAL_Driver/Src/stm32f1xx_hal_rcc.o
 *(.rodata*)
 .rodata.AHBPrescTable
                0x0000000008002ddc       0x10 ./Core/Src/system_stm32f1xx.o
                0x0000000008002ddc                AHBPrescTable
                0x0000000008002dec                . = ALIGN (0x4)

.rel.dyn        0x0000000008002dec        0x0
 .rel.iplt      0x0000000008002dec        0x0 c:/st/stm32cubeide_1.7.0/stm32cubeide/plugins/com.st.stm32cube.ide.mcu.externaltools.gnu-tools-for-stm32.9-2020-q2-update.win32_2.0.0.202105311346/tools/bin/../lib/gcc/arm-none-eabi/9.3.1/thumb/v7-m/nofp/crtbegin.o

.ARM.extab      0x0000000008002dec        0x0
                0x0000000008002dec                . = ALIGN (0x4)
 *(.ARM.extab* .gnu.linkonce.armextab.*)
                0x0000000008002dec                . = ALIGN (0x4)

.ARM            0x0000000008002dec        0x0
                0x0000000008002dec                . = ALIGN (0x4)
                0x0000000008002dec                __exidx_start = .
 *(.ARM.exidx*)
                0x0000000008002dec                __exidx_end = .
                0x0000000008002dec                . = ALIGN (0x4)

.preinit_array  0x0000000008002dec        0x0
                0x0000000008002dec                . = ALIGN (0x4)
                0x0000000008002dec                PROVIDE (__preinit_array_start = .)
 *(.preinit_array*)
                0x0000000008002dec                PROVIDE (__preinit_array_end = .)
                0x0000000008002dec                . = ALIGN (0x4)

.init_array     0x0000000008002dec        0x4
                0x0000000008002dec                . = ALIGN (0x4)
                0x0000000008002dec                PROVIDE (__init_array_start = .)
 *(SORT_BY_NAME(.init_array.*))
 *(.init_array*)
 .init_array    0x0000000008002dec        0x4 c:/st/stm32cubeide_1.7.0/stm32cubeide/plugins/com.st.stm32cube.ide.mcu.externaltools.gnu-tools-for-stm32.9-2020-q2-update.win32_2.0.0.202105311346/tools/bin/../lib/gcc/arm-none-eabi/9.3.1/thumb/v7-m/nofp/crtbegin.o
                0x0000000008002df0                PROVIDE (__init_array_end = .)
                0x0000000008002df0                . = ALIGN (0x4)

.fini_array     0x0000000008002df0        0x4
                0x0000000008002df0                . = ALIGN (0x4)
                [!provide]                        PROVIDE (__fini_array_start = .)
 *(SORT_BY_NAME(.fini_array.*))
 *(.fini_array*)
 .fini_array    0x0000000008002df0        0x4 c:/st/stm32cubeide_1.7.0/stm32cubeide/plugins/com.st.stm32cube.ide.mcu.externaltools.gnu-tools-for-stm32.9-2020-q2-update.win32_2.0.0.202105311346/tools/bin/../lib/gcc/arm-none-eabi/9.3.1/thumb/v7-m/nofp/crtbegin.o
                [!provide]                        PROVIDE (__fini_array_end = .)
                0x0000000008002df4                . = ALIGN (0x4)
                0x0000000008002df4                _sidata = LOADADDR (.data)

.data           0x0000000020000000       0x48 load address 0x0000000008002df4
                0x0000000020000000                . = ALIGN (0x4)
                0x0000000020000000                _sdata = .
 *(.data)
 *(.data*)
 .data.KeyReg0  0x0000000020000000        0x4 ./Core/Src/button.o
                0x0000000020000000                KeyReg0
 .data.KeyReg1  0x0000000020000004        0x4 ./Core/Src/button.o
                0x0000000020000004                KeyReg1
 .data.KeyReg2  0x0000000020000008        0x4 ./Core/Src/button.o
                0x0000000020000008                KeyReg2
 .data.KeyReg3  0x000000002000000c        0x4 ./Core/Src/button.o
                0x000000002000000c                KeyReg3
 .data.TimerForKeyPress1
                0x0000000020000010        0x4 ./Core/Src/button.o
                0x0000000020000010                TimerForKeyPress1
 .data.KeyReg4  0x0000000020000014        0x4 ./Core/Src/button.o
                0x0000000020000014                KeyReg4
 .data.KeyReg5  0x0000000020000018        0x4 ./Core/Src/button.o
                0x0000000020000018                KeyReg5
 .data.KeyReg6  0x000000002000001c        0x4 ./Core/Src/button.o
                0x000000002000001c                KeyReg6
 .data.KeyReg7  0x0000000020000020        0x4 ./Core/Src/button.o
                0x0000000020000020                KeyReg7
 .data.TimerForKeyPress2
                0x0000000020000024        0x4 ./Core/Src/button.o
                0x0000000020000024                TimerForKeyPress2
 .data.KeyReg8  0x0000000020000028        0x4 ./Core/Src/button.o
                0x0000000020000028                KeyReg8
 .data.KeyReg9  0x000000002000002c        0x4 ./Core/Src/button.o
                0x000000002000002c                KeyReg9
 .data.KeyReg10
                0x0000000020000030        0x4 ./Core/Src/button.o
                0x0000000020000030                KeyReg10
 .data.KeyReg11
                0x0000000020000034        0x4 ./Core/Src/button.o
                0x0000000020000034                KeyReg11
 .data.TimerForKeyPress3
                0x0000000020000038        0x4 ./Core/Src/button.o
                0x0000000020000038                TimerForKeyPress3
 .data.SystemCoreClock
                0x000000002000003c        0x4 ./Core/Src/system_stm32f1xx.o
                0x000000002000003c                SystemCoreClock
 .data.uwTickPrio
                0x0000000020000040        0x4 ./Drivers/STM32F1xx_HAL_Driver/Src/stm32f1xx_hal.o
                0x0000000020000040                uwTickPrio
 .data.uwTickFreq
                0x0000000020000044        0x1 ./Drivers/STM32F1xx_HAL_Driver/Src/stm32f1xx_hal.o
                0x0000000020000044                uwTickFreq
 *(.RamFunc)
 *(.RamFunc*)
                0x0000000020000048                . = ALIGN (0x4)
 *fill*         0x0000000020000045        0x3 
                0x0000000020000048                _edata = .

.igot.plt       0x0000000020000048        0x0 load address 0x0000000008002e3c
 .igot.plt      0x0000000020000048        0x0 c:/st/stm32cubeide_1.7.0/stm32cubeide/plugins/com.st.stm32cube.ide.mcu.externaltools.gnu-tools-for-stm32.9-2020-q2-update.win32_2.0.0.202105311346/tools/bin/../lib/gcc/arm-none-eabi/9.3.1/thumb/v7-m/nofp/crtbegin.o
                0x0000000020000048                . = ALIGN (0x4)

.bss            0x0000000020000048       0xe8 load address 0x0000000008002e3c
                0x0000000020000048                _sbss = .
                0x0000000020000048                __bss_start__ = _sbss
 *(.bss)
 .bss           0x0000000020000048       0x1c c:/st/stm32cubeide_1.7.0/stm32cubeide/plugins/com.st.stm32cube.ide.mcu.externaltools.gnu-tools-for-stm32.9-2020-q2-update.win32_2.0.0.202105311346/tools/bin/../lib/gcc/arm-none-eabi/9.3.1/thumb/v7-m/nofp/crtbegin.o
 *(.bss*)
 .bss.button1_flag
                0x0000000020000064        0x4 ./Core/Src/button.o
                0x0000000020000064                button1_flag
 .bss.button2_flag
                0x0000000020000068        0x4 ./Core/Src/button.o
                0x0000000020000068                button2_flag
 .bss.button3_flag
                0x000000002000006c        0x4 ./Core/Src/button.o
                0x000000002000006c                button3_flag
 .bss.status    0x0000000020000070        0x4 ./Core/Src/global.o
                0x0000000020000070                status
 .bss.timer1_flag
                0x0000000020000074        0x4 ./Core/Src/software_timer.o
                0x0000000020000074                timer1_flag
 .bss.timer1_counter
                0x0000000020000078        0x4 ./Core/Src/software_timer.o
                0x0000000020000078                timer1_counter
 .bss.timer_red_flag
                0x000000002000007c        0x4 ./Core/Src/software_timer.o
                0x000000002000007c                timer_red_flag
 .bss.timer_red_counter
                0x0000000020000080        0x4 ./Core/Src/software_timer.o
                0x0000000020000080                timer_red_counter
 .bss.timer_yellow_counter
                0x0000000020000084        0x4 ./Core/Src/software_timer.o
                0x0000000020000084                timer_yellow_counter
 .bss.timer_yellow_flag
                0x0000000020000088        0x4 ./Core/Src/software_timer.o
                0x0000000020000088                timer_yellow_flag
 .bss.timer_green_counter
                0x000000002000008c        0x4 ./Core/Src/software_timer.o
                0x000000002000008c                timer_green_counter
 .bss.timer_green_flag
                0x0000000020000090        0x4 ./Core/Src/software_timer.o
                0x0000000020000090                timer_green_flag
 .bss.timer_pedes_counter
                0x0000000020000094        0x4 ./Core/Src/software_timer.o
                0x0000000020000094                timer_pedes_counter
 .bss.timer_pedes_flag
                0x0000000020000098        0x4 ./Core/Src/software_timer.o
                0x0000000020000098                timer_pedes_flag
 *(COMMON)
 COMMON         0x000000002000009c       0x90 ./Core/Src/main.o
                0x000000002000009c                htim3
                0x00000000200000e4                htim2
 COMMON         0x000000002000012c        0x4 ./Drivers/STM32F1xx_HAL_Driver/Src/stm32f1xx_hal.o
                0x000000002000012c                uwTick
                0x0000000020000130                . = ALIGN (0x4)
                0x0000000020000130                _ebss = .
                0x0000000020000130                __bss_end__ = _ebss

._user_heap_stack
                0x0000000020000130      0x600 load address 0x0000000008002e3c
                0x0000000020000130                . = ALIGN (0x8)
                [!provide]                        PROVIDE (end = .)
                0x0000000020000130                PROVIDE (_end = .)
                0x0000000020000330                . = (. + _Min_Heap_Size)
 *fill*         0x0000000020000130      0x200 
                0x0000000020000730                . = (. + _Min_Stack_Size)
 *fill*         0x0000000020000330      0x400 
                0x0000000020000730                . = ALIGN (0x8)

/DISCARD/
 libc.a(*)
 libm.a(*)
 libgcc.a(*)

.ARM.attributes
                0x0000000000000000       0x29
 *(.ARM.attributes)
 .ARM.attributes
                0x0000000000000000       0x1d c:/st/stm32cubeide_1.7.0/stm32cubeide/plugins/com.st.stm32cube.ide.mcu.externaltools.gnu-tools-for-stm32.9-2020-q2-update.win32_2.0.0.202105311346/tools/bin/../lib/gcc/arm-none-eabi/9.3.1/thumb/v7-m/nofp/crti.o
 .ARM.attributes
                0x000000000000001d       0x2d c:/st/stm32cubeide_1.7.0/stm32cubeide/plugins/com.st.stm32cube.ide.mcu.externaltools.gnu-tools-for-stm32.9-2020-q2-update.win32_2.0.0.202105311346/tools/bin/../lib/gcc/arm-none-eabi/9.3.1/thumb/v7-m/nofp/crtbegin.o
 .ARM.attributes
                0x000000000000004a       0x2d ./Core/Src/auto_fsm.o
 .ARM.attributes
                0x0000000000000077       0x2d ./Core/Src/button.o
 .ARM.attributes
                0x00000000000000a4       0x33 ./Core/Src/global.o
 .ARM.attributes
                0x00000000000000d7       0x2d ./Core/Src/main.o
 .ARM.attributes
                0x0000000000000104       0x2d ./Core/Src/man_fsm.o
 .ARM.attributes
                0x0000000000000131       0x2d ./Core/Src/pdtlight.o
 .ARM.attributes
                0x000000000000015e       0x2d ./Core/Src/ped_fsm.o
 .ARM.attributes
                0x000000000000018b       0x2d ./Core/Src/software_timer.o
 .ARM.attributes
                0x00000000000001b8       0x2d ./Core/Src/stm32f1xx_hal_msp.o
 .ARM.attributes
                0x00000000000001e5       0x2d ./Core/Src/stm32f1xx_it.o
 .ARM.attributes
                0x0000000000000212       0x2d ./Core/Src/system_stm32f1xx.o
 .ARM.attributes
                0x000000000000023f       0x2d ./Core/Src/traffic1.o
 .ARM.attributes
                0x000000000000026c       0x2d ./Core/Src/traffic2.o
 .ARM.attributes
                0x0000000000000299       0x2d ./Core/Src/tun_fsm.o
 .ARM.attributes
                0x00000000000002c6       0x21 ./Core/Startup/startup_stm32f103rbtx.o
 .ARM.attributes
                0x00000000000002e7       0x2d ./Drivers/STM32F1xx_HAL_Driver/Src/stm32f1xx_hal.o
 .ARM.attributes
                0x0000000000000314       0x2d ./Drivers/STM32F1xx_HAL_Driver/Src/stm32f1xx_hal_cortex.o
 .ARM.attributes
                0x0000000000000341       0x2d ./Drivers/STM32F1xx_HAL_Driver/Src/stm32f1xx_hal_gpio.o
 .ARM.attributes
                0x000000000000036e       0x2d ./Drivers/STM32F1xx_HAL_Driver/Src/stm32f1xx_hal_rcc.o
 .ARM.attributes
                0x000000000000039b       0x2d ./Drivers/STM32F1xx_HAL_Driver/Src/stm32f1xx_hal_tim.o
 .ARM.attributes
                0x00000000000003c8       0x2d ./Drivers/STM32F1xx_HAL_Driver/Src/stm32f1xx_hal_tim_ex.o
 .ARM.attributes
                0x00000000000003f5       0x2d c:/st/stm32cubeide_1.7.0/stm32cubeide/plugins/com.st.stm32cube.ide.mcu.externaltools.gnu-tools-for-stm32.9-2020-q2-update.win32_2.0.0.202105311346/tools/bin/../lib/gcc/arm-none-eabi/9.3.1/../../../../arm-none-eabi/lib/thumb/v7-m/nofp\libc_nano.a(lib_a-init.o)
 .ARM.attributes
                0x0000000000000422       0x2d c:/st/stm32cubeide_1.7.0/stm32cubeide/plugins/com.st.stm32cube.ide.mcu.externaltools.gnu-tools-for-stm32.9-2020-q2-update.win32_2.0.0.202105311346/tools/bin/../lib/gcc/arm-none-eabi/9.3.1/../../../../arm-none-eabi/lib/thumb/v7-m/nofp\libc_nano.a(lib_a-memset.o)
 .ARM.attributes
                0x000000000000044f       0x1d c:/st/stm32cubeide_1.7.0/stm32cubeide/plugins/com.st.stm32cube.ide.mcu.externaltools.gnu-tools-for-stm32.9-2020-q2-update.win32_2.0.0.202105311346/tools/bin/../lib/gcc/arm-none-eabi/9.3.1/thumb/v7-m/nofp/crtn.o
OUTPUT(Assignment.elf elf32-littlearm)
LOAD linker stubs
LOAD c:/st/stm32cubeide_1.7.0/stm32cubeide/plugins/com.st.stm32cube.ide.mcu.externaltools.gnu-tools-for-stm32.9-2020-q2-update.win32_2.0.0.202105311346/tools/bin/../lib/gcc/arm-none-eabi/9.3.1/../../../../arm-none-eabi/lib/thumb/v7-m/nofp\libc.a
LOAD c:/st/stm32cubeide_1.7.0/stm32cubeide/plugins/com.st.stm32cube.ide.mcu.externaltools.gnu-tools-for-stm32.9-2020-q2-update.win32_2.0.0.202105311346/tools/bin/../lib/gcc/arm-none-eabi/9.3.1/../../../../arm-none-eabi/lib/thumb/v7-m/nofp\libm.a
LOAD c:/st/stm32cubeide_1.7.0/stm32cubeide/plugins/com.st.stm32cube.ide.mcu.externaltools.gnu-tools-for-stm32.9-2020-q2-update.win32_2.0.0.202105311346/tools/bin/../lib/gcc/arm-none-eabi/9.3.1/thumb/v7-m/nofp\libgcc.a

.debug_info     0x0000000000000000     0x9ed1
 .debug_info    0x0000000000000000      0x23b ./Core/Src/auto_fsm.o
 .debug_info    0x000000000000023b      0x437 ./Core/Src/button.o
 .debug_info    0x0000000000000672      0x204 ./Core/Src/global.o
 .debug_info    0x0000000000000876      0xcd8 ./Core/Src/main.o
 .debug_info    0x000000000000154e      0x23b ./Core/Src/man_fsm.o
 .debug_info    0x0000000000001789      0x263 ./Core/Src/pdtlight.o
 .debug_info    0x00000000000019ec      0x229 ./Core/Src/ped_fsm.o
 .debug_info    0x0000000000001c15      0x328 ./Core/Src/software_timer.o
 .debug_info    0x0000000000001f3d      0xbce ./Core/Src/stm32f1xx_hal_msp.o
 .debug_info    0x0000000000002b0b      0x7d2 ./Core/Src/stm32f1xx_it.o
 .debug_info    0x00000000000032dd      0x2be ./Core/Src/system_stm32f1xx.o
 .debug_info    0x000000000000359b      0x275 ./Core/Src/traffic1.o
 .debug_info    0x0000000000003810      0x275 ./Core/Src/traffic2.o
 .debug_info    0x0000000000003a85      0x23b ./Core/Src/tun_fsm.o
 .debug_info    0x0000000000003cc0       0x22 ./Core/Startup/startup_stm32f103rbtx.o
 .debug_info    0x0000000000003ce2      0x76a ./Drivers/STM32F1xx_HAL_Driver/Src/stm32f1xx_hal.o
 .debug_info    0x000000000000444c      0xbdc ./Drivers/STM32F1xx_HAL_Driver/Src/stm32f1xx_hal_cortex.o
 .debug_info    0x0000000000005028      0x701 ./Drivers/STM32F1xx_HAL_Driver/Src/stm32f1xx_hal_gpio.o
 .debug_info    0x0000000000005729      0x88e ./Drivers/STM32F1xx_HAL_Driver/Src/stm32f1xx_hal_rcc.o
 .debug_info    0x0000000000005fb7     0x2a45 ./Drivers/STM32F1xx_HAL_Driver/Src/stm32f1xx_hal_tim.o
 .debug_info    0x00000000000089fc     0x14d5 ./Drivers/STM32F1xx_HAL_Driver/Src/stm32f1xx_hal_tim_ex.o

.debug_abbrev   0x0000000000000000     0x1f02
 .debug_abbrev  0x0000000000000000       0xec ./Core/Src/auto_fsm.o
 .debug_abbrev  0x00000000000000ec      0x14a ./Core/Src/button.o
 .debug_abbrev  0x0000000000000236       0xbc ./Core/Src/global.o
 .debug_abbrev  0x00000000000002f2      0x273 ./Core/Src/main.o
 .debug_abbrev  0x0000000000000565       0xec ./Core/Src/man_fsm.o
 .debug_abbrev  0x0000000000000651       0xff ./Core/Src/pdtlight.o
 .debug_abbrev  0x0000000000000750       0xec ./Core/Src/ped_fsm.o
 .debug_abbrev  0x000000000000083c      0x11f ./Core/Src/software_timer.o
 .debug_abbrev  0x000000000000095b      0x1c8 ./Core/Src/stm32f1xx_hal_msp.o
 .debug_abbrev  0x0000000000000b23      0x176 ./Core/Src/stm32f1xx_it.o
 .debug_abbrev  0x0000000000000c99      0x14e ./Core/Src/system_stm32f1xx.o
 .debug_abbrev  0x0000000000000de7       0xff ./Core/Src/traffic1.o
 .debug_abbrev  0x0000000000000ee6       0xff ./Core/Src/traffic2.o
 .debug_abbrev  0x0000000000000fe5       0xec ./Core/Src/tun_fsm.o
 .debug_abbrev  0x00000000000010d1       0x12 ./Core/Startup/startup_stm32f103rbtx.o
 .debug_abbrev  0x00000000000010e3      0x1ed ./Drivers/STM32F1xx_HAL_Driver/Src/stm32f1xx_hal.o
 .debug_abbrev  0x00000000000012d0      0x313 ./Drivers/STM32F1xx_HAL_Driver/Src/stm32f1xx_hal_cortex.o
 .debug_abbrev  0x00000000000015e3      0x1e8 ./Drivers/STM32F1xx_HAL_Driver/Src/stm32f1xx_hal_gpio.o
 .debug_abbrev  0x00000000000017cb      0x273 ./Drivers/STM32F1xx_HAL_Driver/Src/stm32f1xx_hal_rcc.o
 .debug_abbrev  0x0000000000001a3e      0x25e ./Drivers/STM32F1xx_HAL_Driver/Src/stm32f1xx_hal_tim.o
 .debug_abbrev  0x0000000000001c9c      0x266 ./Drivers/STM32F1xx_HAL_Driver/Src/stm32f1xx_hal_tim_ex.o

.debug_aranges  0x0000000000000000      0xb38
 .debug_aranges
                0x0000000000000000       0x20 ./Core/Src/auto_fsm.o
 .debug_aranges
                0x0000000000000020       0x60 ./Core/Src/button.o
 .debug_aranges
                0x0000000000000080       0x18 ./Core/Src/global.o
 .debug_aranges
                0x0000000000000098       0x50 ./Core/Src/main.o
 .debug_aranges
                0x00000000000000e8       0x20 ./Core/Src/man_fsm.o
 .debug_aranges
                0x0000000000000108       0x30 ./Core/Src/pdtlight.o
 .debug_aranges
                0x0000000000000138       0x20 ./Core/Src/ped_fsm.o
 .debug_aranges
                0x0000000000000158       0x48 ./Core/Src/software_timer.o
 .debug_aranges
                0x00000000000001a0       0x48 ./Core/Src/stm32f1xx_hal_msp.o
 .debug_aranges
                0x00000000000001e8       0x70 ./Core/Src/stm32f1xx_it.o
 .debug_aranges
                0x0000000000000258       0x28 ./Core/Src/system_stm32f1xx.o
 .debug_aranges
                0x0000000000000280       0x38 ./Core/Src/traffic1.o
 .debug_aranges
                0x00000000000002b8       0x38 ./Core/Src/traffic2.o
 .debug_aranges
                0x00000000000002f0       0x20 ./Core/Src/tun_fsm.o
 .debug_aranges
                0x0000000000000310       0x28 ./Core/Startup/startup_stm32f103rbtx.o
 .debug_aranges
                0x0000000000000338       0xe0 ./Drivers/STM32F1xx_HAL_Driver/Src/stm32f1xx_hal.o
 .debug_aranges
                0x0000000000000418      0x100 ./Drivers/STM32F1xx_HAL_Driver/Src/stm32f1xx_hal_cortex.o
 .debug_aranges
                0x0000000000000518       0x58 ./Drivers/STM32F1xx_HAL_Driver/Src/stm32f1xx_hal_gpio.o
 .debug_aranges
                0x0000000000000570       0x90 ./Drivers/STM32F1xx_HAL_Driver/Src/stm32f1xx_hal_rcc.o
 .debug_aranges
                0x0000000000000600      0x3d0 ./Drivers/STM32F1xx_HAL_Driver/Src/stm32f1xx_hal_tim.o
 .debug_aranges
                0x00000000000009d0      0x168 ./Drivers/STM32F1xx_HAL_Driver/Src/stm32f1xx_hal_tim_ex.o

.debug_ranges   0x0000000000000000      0x9e8
 .debug_ranges  0x0000000000000000       0x10 ./Core/Src/auto_fsm.o
 .debug_ranges  0x0000000000000010       0x50 ./Core/Src/button.o
 .debug_ranges  0x0000000000000060       0x40 ./Core/Src/main.o
 .debug_ranges  0x00000000000000a0       0x10 ./Core/Src/man_fsm.o
 .debug_ranges  0x00000000000000b0       0x20 ./Core/Src/pdtlight.o
 .debug_ranges  0x00000000000000d0       0x10 ./Core/Src/ped_fsm.o
 .debug_ranges  0x00000000000000e0       0x38 ./Core/Src/software_timer.o
 .debug_ranges  0x0000000000000118       0x38 ./Core/Src/stm32f1xx_hal_msp.o
 .debug_ranges  0x0000000000000150       0x60 ./Core/Src/stm32f1xx_it.o
 .debug_ranges  0x00000000000001b0       0x18 ./Core/Src/system_stm32f1xx.o
 .debug_ranges  0x00000000000001c8       0x28 ./Core/Src/traffic1.o
 .debug_ranges  0x00000000000001f0       0x28 ./Core/Src/traffic2.o
 .debug_ranges  0x0000000000000218       0x10 ./Core/Src/tun_fsm.o
 .debug_ranges  0x0000000000000228       0x20 ./Core/Startup/startup_stm32f103rbtx.o
 .debug_ranges  0x0000000000000248       0xd0 ./Drivers/STM32F1xx_HAL_Driver/Src/stm32f1xx_hal.o
 .debug_ranges  0x0000000000000318       0xf0 ./Drivers/STM32F1xx_HAL_Driver/Src/stm32f1xx_hal_cortex.o
 .debug_ranges  0x0000000000000408       0x48 ./Drivers/STM32F1xx_HAL_Driver/Src/stm32f1xx_hal_gpio.o
 .debug_ranges  0x0000000000000450       0x80 ./Drivers/STM32F1xx_HAL_Driver/Src/stm32f1xx_hal_rcc.o
 .debug_ranges  0x00000000000004d0      0x3c0 ./Drivers/STM32F1xx_HAL_Driver/Src/stm32f1xx_hal_tim.o
 .debug_ranges  0x0000000000000890      0x158 ./Drivers/STM32F1xx_HAL_Driver/Src/stm32f1xx_hal_tim_ex.o

.debug_macro    0x0000000000000000    0x17925
 .debug_macro   0x0000000000000000      0x1ee ./Core/Src/auto_fsm.o
 .debug_macro   0x00000000000001ee      0xa9c ./Core/Src/auto_fsm.o
 .debug_macro   0x0000000000000c8a      0x215 ./Core/Src/auto_fsm.o
 .debug_macro   0x0000000000000e9f       0x2e ./Core/Src/auto_fsm.o
 .debug_macro   0x0000000000000ecd       0x22 ./Core/Src/auto_fsm.o
 .debug_macro   0x0000000000000eef       0x22 ./Core/Src/auto_fsm.o
 .debug_macro   0x0000000000000f11       0x8e ./Core/Src/auto_fsm.o
 .debug_macro   0x0000000000000f9f       0x51 ./Core/Src/auto_fsm.o
 .debug_macro   0x0000000000000ff0      0x103 ./Core/Src/auto_fsm.o
 .debug_macro   0x00000000000010f3       0x6a ./Core/Src/auto_fsm.o
 .debug_macro   0x000000000000115d      0x1df ./Core/Src/auto_fsm.o
 .debug_macro   0x000000000000133c       0x1c ./Core/Src/auto_fsm.o
 .debug_macro   0x0000000000001358       0x22 ./Core/Src/auto_fsm.o
 .debug_macro   0x000000000000137a       0xc3 ./Core/Src/auto_fsm.o
 .debug_macro   0x000000000000143d      0xd23 ./Core/Src/auto_fsm.o
 .debug_macro   0x0000000000002160     0xe09e ./Core/Src/auto_fsm.o
 .debug_macro   0x00000000000101fe       0x6d ./Core/Src/auto_fsm.o
 .debug_macro   0x000000000001026b     0x3468 ./Core/Src/auto_fsm.o
 .debug_macro   0x00000000000136d3      0x174 ./Core/Src/auto_fsm.o
 .debug_macro   0x0000000000013847       0x5c ./Core/Src/auto_fsm.o
 .debug_macro   0x00000000000138a3      0x5be ./Core/Src/auto_fsm.o
 .debug_macro   0x0000000000013e61      0x289 ./Core/Src/auto_fsm.o
 .debug_macro   0x00000000000140ea      0x1cb ./Core/Src/auto_fsm.o
 .debug_macro   0x00000000000142b5      0x114 ./Core/Src/auto_fsm.o
 .debug_macro   0x00000000000143c9      0x1b2 ./Core/Src/auto_fsm.o
 .debug_macro   0x000000000001457b       0x27 ./Core/Src/auto_fsm.o
 .debug_macro   0x00000000000145a2      0x136 ./Core/Src/auto_fsm.o
 .debug_macro   0x00000000000146d8      0x1bc ./Core/Src/auto_fsm.o
 .debug_macro   0x0000000000014894       0x34 ./Core/Src/auto_fsm.o
 .debug_macro   0x00000000000148c8       0x3c ./Core/Src/auto_fsm.o
 .debug_macro   0x0000000000014904       0x57 ./Core/Src/auto_fsm.o
 .debug_macro   0x000000000001495b       0x88 ./Core/Src/auto_fsm.o
 .debug_macro   0x00000000000149e3      0x241 ./Core/Src/auto_fsm.o
 .debug_macro   0x0000000000014c24      0x141 ./Core/Src/auto_fsm.o
 .debug_macro   0x0000000000014d65      0x8d1 ./Core/Src/auto_fsm.o
 .debug_macro   0x0000000000015636       0x83 ./Core/Src/auto_fsm.o
 .debug_macro   0x00000000000156b9       0x88 ./Core/Src/auto_fsm.o
 .debug_macro   0x0000000000015741       0x16 ./Core/Src/auto_fsm.o
 .debug_macro   0x0000000000015757       0x4c ./Core/Src/auto_fsm.o
 .debug_macro   0x00000000000157a3      0x1b7 ./Core/Src/button.o
 .debug_macro   0x000000000001595a       0x10 ./Core/Src/button.o
 .debug_macro   0x000000000001596a      0x1e4 ./Core/Src/global.o
 .debug_macro   0x0000000000015b4e      0x214 ./Core/Src/main.o
 .debug_macro   0x0000000000015d62      0x1ee ./Core/Src/man_fsm.o
 .debug_macro   0x0000000000015f50      0x1b2 ./Core/Src/pdtlight.o
 .debug_macro   0x0000000000016102      0x1ee ./Core/Src/ped_fsm.o
 .debug_macro   0x00000000000162f0      0x1b8 ./Core/Src/software_timer.o
 .debug_macro   0x00000000000164a8      0x1a8 ./Core/Src/stm32f1xx_hal_msp.o
 .debug_macro   0x0000000000016650      0x1b2 ./Core/Src/stm32f1xx_it.o
 .debug_macro   0x0000000000016802      0x199 ./Core/Src/system_stm32f1xx.o
 .debug_macro   0x000000000001699b      0x1b2 ./Core/Src/traffic1.o
 .debug_macro   0x0000000000016b4d      0x1b2 ./Core/Src/traffic2.o
 .debug_macro   0x0000000000016cff      0x1ee ./Core/Src/tun_fsm.o
 .debug_macro   0x0000000000016eed      0x1bd ./Drivers/STM32F1xx_HAL_Driver/Src/stm32f1xx_hal.o
 .debug_macro   0x00000000000170aa      0x199 ./Drivers/STM32F1xx_HAL_Driver/Src/stm32f1xx_hal_cortex.o
 .debug_macro   0x0000000000017243      0x204 ./Drivers/STM32F1xx_HAL_Driver/Src/stm32f1xx_hal_gpio.o
 .debug_macro   0x0000000000017447      0x1ab ./Drivers/STM32F1xx_HAL_Driver/Src/stm32f1xx_hal_rcc.o
 .debug_macro   0x00000000000175f2      0x19a ./Drivers/STM32F1xx_HAL_Driver/Src/stm32f1xx_hal_tim.o
 .debug_macro   0x000000000001778c      0x199 ./Drivers/STM32F1xx_HAL_Driver/Src/stm32f1xx_hal_tim_ex.o

.debug_line     0x0000000000000000     0xda77
 .debug_line    0x0000000000000000      0x717 ./Core/Src/auto_fsm.o
 .debug_line    0x0000000000000717      0x80b ./Core/Src/button.o
 .debug_line    0x0000000000000f22      0x68a ./Core/Src/global.o
 .debug_line    0x00000000000015ac      0x893 ./Core/Src/main.o
 .debug_line    0x0000000000001e3f      0x751 ./Core/Src/man_fsm.o
 .debug_line    0x0000000000002590      0x69a ./Core/Src/pdtlight.o
 .debug_line    0x0000000000002c2a      0x6e4 ./Core/Src/ped_fsm.o
 .debug_line    0x000000000000330e      0x74a ./Core/Src/software_timer.o
 .debug_line    0x0000000000003a58      0x709 ./Core/Src/stm32f1xx_hal_msp.o
 .debug_line    0x0000000000004161      0x757 ./Core/Src/stm32f1xx_it.o
 .debug_line    0x00000000000048b8      0x6e3 ./Core/Src/system_stm32f1xx.o
 .debug_line    0x0000000000004f9b      0x6af ./Core/Src/traffic1.o
 .debug_line    0x000000000000564a      0x6af ./Core/Src/traffic2.o
 .debug_line    0x0000000000005cf9      0x739 ./Core/Src/tun_fsm.o
 .debug_line    0x0000000000006432       0x87 ./Core/Startup/startup_stm32f103rbtx.o
 .debug_line    0x00000000000064b9      0x910 ./Drivers/STM32F1xx_HAL_Driver/Src/stm32f1xx_hal.o
 .debug_line    0x0000000000006dc9      0xaf8 ./Drivers/STM32F1xx_HAL_Driver/Src/stm32f1xx_hal_cortex.o
 .debug_line    0x00000000000078c1      0x9a7 ./Drivers/STM32F1xx_HAL_Driver/Src/stm32f1xx_hal_gpio.o
 .debug_line    0x0000000000008268      0xd1e ./Drivers/STM32F1xx_HAL_Driver/Src/stm32f1xx_hal_rcc.o
 .debug_line    0x0000000000008f86     0x32b9 ./Drivers/STM32F1xx_HAL_Driver/Src/stm32f1xx_hal_tim.o
 .debug_line    0x000000000000c23f     0x1838 ./Drivers/STM32F1xx_HAL_Driver/Src/stm32f1xx_hal_tim_ex.o

.debug_str      0x0000000000000000    0x8456d
 .debug_str     0x0000000000000000    0x81853 ./Core/Src/auto_fsm.o
                                      0x81b88 (size before relaxing)
 .debug_str     0x0000000000081853      0x15c ./Core/Src/button.o
                                      0x81b85 (size before relaxing)
 .debug_str     0x00000000000819af       0x1b ./Core/Src/global.o
                                      0x81b57 (size before relaxing)
 .debug_str     0x00000000000819ca      0x787 ./Core/Src/main.o
                                      0x823cb (size before relaxing)
 .debug_str     0x0000000000082151       0x22 ./Core/Src/man_fsm.o
                                      0x81b85 (size before relaxing)
 .debug_str     0x0000000000082173       0x32 ./Core/Src/pdtlight.o
                                      0x81a0c (size before relaxing)
 .debug_str     0x00000000000821a5       0x22 ./Core/Src/ped_fsm.o
                                      0x81b7f (size before relaxing)
 .debug_str     0x00000000000821c7       0xc6 ./Core/Src/software_timer.o
                                      0x81acb (size before relaxing)
 .debug_str     0x000000000008228d      0x33b ./Core/Src/stm32f1xx_hal_msp.o
                                      0x82299 (size before relaxing)
 .debug_str     0x00000000000825c8       0xdd ./Core/Src/stm32f1xx_it.o
                                      0x81f34 (size before relaxing)
 .debug_str     0x00000000000826a5       0x52 ./Core/Src/system_stm32f1xx.o
                                      0x81889 (size before relaxing)
 .debug_str     0x00000000000826f7       0x3b ./Core/Src/traffic1.o
                                      0x81a14 (size before relaxing)
 .debug_str     0x0000000000082732       0x35 ./Core/Src/traffic2.o
                                      0x81a14 (size before relaxing)
 .debug_str     0x0000000000082767       0x22 ./Core/Src/tun_fsm.o
                                      0x81b85 (size before relaxing)
 .debug_str     0x0000000000082789       0x36 ./Core/Startup/startup_stm32f103rbtx.o
                                         0x69 (size before relaxing)
 .debug_str     0x00000000000827bf      0x304 ./Drivers/STM32F1xx_HAL_Driver/Src/stm32f1xx_hal.o
                                      0x81f1a (size before relaxing)
 .debug_str     0x0000000000082ac3      0x300 ./Drivers/STM32F1xx_HAL_Driver/Src/stm32f1xx_hal_cortex.o
                                      0x81f22 (size before relaxing)
 .debug_str     0x0000000000082dc3      0x324 ./Drivers/STM32F1xx_HAL_Driver/Src/stm32f1xx_hal_gpio.o
                                      0x81c4d (size before relaxing)
 .debug_str     0x00000000000830e7      0x24f ./Drivers/STM32F1xx_HAL_Driver/Src/stm32f1xx_hal_rcc.o
                                      0x81c86 (size before relaxing)
 .debug_str     0x0000000000083336      0xd49 ./Drivers/STM32F1xx_HAL_Driver/Src/stm32f1xx_hal_tim.o
                                      0x82c58 (size before relaxing)
 .debug_str     0x000000000008407f      0x4ee ./Drivers/STM32F1xx_HAL_Driver/Src/stm32f1xx_hal_tim_ex.o
                                      0x82409 (size before relaxing)

.comment        0x0000000000000000       0x53
 .comment       0x0000000000000000       0x53 ./Core/Src/auto_fsm.o
                                         0x54 (size before relaxing)
 .comment       0x0000000000000053       0x54 ./Core/Src/button.o
 .comment       0x0000000000000053       0x54 ./Core/Src/global.o
 .comment       0x0000000000000053       0x54 ./Core/Src/main.o
 .comment       0x0000000000000053       0x54 ./Core/Src/man_fsm.o
 .comment       0x0000000000000053       0x54 ./Core/Src/pdtlight.o
 .comment       0x0000000000000053       0x54 ./Core/Src/ped_fsm.o
 .comment       0x0000000000000053       0x54 ./Core/Src/software_timer.o
 .comment       0x0000000000000053       0x54 ./Core/Src/stm32f1xx_hal_msp.o
 .comment       0x0000000000000053       0x54 ./Core/Src/stm32f1xx_it.o
 .comment       0x0000000000000053       0x54 ./Core/Src/system_stm32f1xx.o
 .comment       0x0000000000000053       0x54 ./Core/Src/traffic1.o
 .comment       0x0000000000000053       0x54 ./Core/Src/traffic2.o
 .comment       0x0000000000000053       0x54 ./Core/Src/tun_fsm.o
 .comment       0x0000000000000053       0x54 ./Drivers/STM32F1xx_HAL_Driver/Src/stm32f1xx_hal.o
 .comment       0x0000000000000053       0x54 ./Drivers/STM32F1xx_HAL_Driver/Src/stm32f1xx_hal_cortex.o
 .comment       0x0000000000000053       0x54 ./Drivers/STM32F1xx_HAL_Driver/Src/stm32f1xx_hal_gpio.o
 .comment       0x0000000000000053       0x54 ./Drivers/STM32F1xx_HAL_Driver/Src/stm32f1xx_hal_rcc.o
 .comment       0x0000000000000053       0x54 ./Drivers/STM32F1xx_HAL_Driver/Src/stm32f1xx_hal_tim.o
 .comment       0x0000000000000053       0x54 ./Drivers/STM32F1xx_HAL_Driver/Src/stm32f1xx_hal_tim_ex.o

.debug_frame    0x0000000000000000     0x2aa8
 .debug_frame   0x0000000000000000       0x2c ./Core/Src/auto_fsm.o
 .debug_frame   0x000000000000002c      0x124 ./Core/Src/button.o
 .debug_frame   0x0000000000000150       0xf8 ./Core/Src/main.o
 .debug_frame   0x0000000000000248       0x2c ./Core/Src/man_fsm.o
 .debug_frame   0x0000000000000274       0x64 ./Core/Src/pdtlight.o
 .debug_frame   0x00000000000002d8       0x2c ./Core/Src/ped_fsm.o
 .debug_frame   0x0000000000000304       0xf8 ./Core/Src/software_timer.o
 .debug_frame   0x00000000000003fc       0xec ./Core/Src/stm32f1xx_hal_msp.o
 .debug_frame   0x00000000000004e8      0x13c ./Core/Src/stm32f1xx_it.o
 .debug_frame   0x0000000000000624       0x58 ./Core/Src/system_stm32f1xx.o
 .debug_frame   0x000000000000067c       0x80 ./Core/Src/traffic1.o
 .debug_frame   0x00000000000006fc       0x80 ./Core/Src/traffic2.o
 .debug_frame   0x000000000000077c       0x2c ./Core/Src/tun_fsm.o
 .debug_frame   0x00000000000007a8      0x334 ./Drivers/STM32F1xx_HAL_Driver/Src/stm32f1xx_hal.o
 .debug_frame   0x0000000000000adc      0x428 ./Drivers/STM32F1xx_HAL_Driver/Src/stm32f1xx_hal_cortex.o
 .debug_frame   0x0000000000000f04      0x14c ./Drivers/STM32F1xx_HAL_Driver/Src/stm32f1xx_hal_gpio.o
 .debug_frame   0x0000000000001050      0x21c ./Drivers/STM32F1xx_HAL_Driver/Src/stm32f1xx_hal_rcc.o
 .debug_frame   0x000000000000126c     0x11b8 ./Drivers/STM32F1xx_HAL_Driver/Src/stm32f1xx_hal_tim.o
 .debug_frame   0x0000000000002424      0x638 ./Drivers/STM32F1xx_HAL_Driver/Src/stm32f1xx_hal_tim_ex.o
 .debug_frame   0x0000000000002a5c       0x2c c:/st/stm32cubeide_1.7.0/stm32cubeide/plugins/com.st.stm32cube.ide.mcu.externaltools.gnu-tools-for-stm32.9-2020-q2-update.win32_2.0.0.202105311346/tools/bin/../lib/gcc/arm-none-eabi/9.3.1/../../../../arm-none-eabi/lib/thumb/v7-m/nofp\libc_nano.a(lib_a-init.o)
 .debug_frame   0x0000000000002a88       0x20 c:/st/stm32cubeide_1.7.0/stm32cubeide/plugins/com.st.stm32cube.ide.mcu.externaltools.gnu-tools-for-stm32.9-2020-q2-update.win32_2.0.0.202105311346/tools/bin/../lib/gcc/arm-none-eabi/9.3.1/../../../../arm-none-eabi/lib/thumb/v7-m/nofp\libc_nano.a(lib_a-memset.o)
